+----------------+
|       x        |
|    varchar     |
+----------------+
| --- basics --- |
+----------------+

+----------------+-------------+---------+---------+---------+---------+
|  column_name   | column_type |  null   |   key   | default |  extra  |
|    varchar     |   varchar   | varchar | varchar | varchar | varchar |
+----------------+-------------+---------+---------+---------+---------+
| tconst         | VARCHAR     | YES     | NULL    | NULL    | NULL    |
| titleType      | VARCHAR     | YES     | NULL    | NULL    | NULL    |
| primaryTitle   | VARCHAR     | YES     | NULL    | NULL    | NULL    |
| originalTitle  | VARCHAR     | YES     | NULL    | NULL    | NULL    |
| isAdult        | BIGINT      | YES     | NULL    | NULL    | NULL    |
| startYear      | BIGINT      | YES     | NULL    | NULL    | NULL    |
| endYear        | VARCHAR     | YES     | NULL    | NULL    | NULL    |
| runtimeMinutes | BIGINT      | YES     | NULL    | NULL    | NULL    |
| genres         | VARCHAR     | YES     | NULL    | NULL    | NULL    |
+----------------+-------------+---------+---------+---------+---------+

+-----------------+
|        x        |
|     varchar     |
+-----------------+
| --- ratings --- |
+-----------------+

+---------------+-------------+---------+---------+---------+---------+
|  column_name  | column_type |  null   |   key   | default |  extra  |
|    varchar    |   varchar   | varchar | varchar | varchar | varchar |
+---------------+-------------+---------+---------+---------+---------+
| tconst        | VARCHAR     | YES     | NULL    | NULL    | NULL    |
| averageRating | DOUBLE      | YES     | NULL    | NULL    | NULL    |
| numVotes      | BIGINT      | YES     | NULL    | NULL    | NULL    |
+---------------+-------------+---------+---------+---------+---------+

+--------------+
|      x       |
|   varchar    |
+--------------+
| --- akas --- |
+--------------+

+-----------------+-------------+---------+---------+---------+---------+
|   column_name   | column_type |  null   |   key   | default |  extra  |
|     varchar     |   varchar   | varchar | varchar | varchar | varchar |
+-----------------+-------------+---------+---------+---------+---------+
| titleId         | VARCHAR     | YES     | NULL    | NULL    | NULL    |
| ordering        | BIGINT      | YES     | NULL    | NULL    | NULL    |
| title           | VARCHAR     | YES     | NULL    | NULL    | NULL    |
| region          | VARCHAR     | YES     | NULL    | NULL    | NULL    |
| language        | VARCHAR     | YES     | NULL    | NULL    | NULL    |
| types           | VARCHAR     | YES     | NULL    | NULL    | NULL    |
| attributes      | VARCHAR     | YES     | NULL    | NULL    | NULL    |
| isOriginalTitle | BIGINT      | YES     | NULL    | NULL    | NULL    |
+-----------------+-------------+---------+---------+---------+---------+

+---------------+
|       x       |
|    varchar    |
+---------------+
| --- links --- |
+---------------+

+-------------+-------------+---------+---------+---------+---------+
| column_name | column_type |  null   |   key   | default |  extra  |
|   varchar   |   varchar   | varchar | varchar | varchar | varchar |
+-------------+-------------+---------+---------+---------+---------+
| movieId     | BIGINT      | YES     | NULL    | NULL    | NULL    |
| imdbId      | VARCHAR     | YES     | NULL    | NULL    | NULL    |
| tmdbId      | BIGINT      | YES     | NULL    | NULL    | NULL    |
+-------------+-------------+---------+---------+---------+---------+

+--------------------+
|         x          |
|      varchar       |
+--------------------+
| --- box office --- |
+--------------------+

+-------------+-------------+---------+---------+---------+---------+
| column_name | column_type |  null   |   key   | default |  extra  |
|   varchar   |   varchar   | varchar | varchar | varchar | varchar |
+-------------+-------------+---------+---------+---------+---------+
| id          | VARCHAR     | YES     | NULL    | NULL    | NULL    |
| date        | DATE        | YES     | NULL    | NULL    | NULL    |
| title       | VARCHAR     | YES     | NULL    | NULL    | NULL    |
| revenue     | BIGINT      | YES     | NULL    | NULL    | NULL    |
| theaters    | BIGINT      | YES     | NULL    | NULL    | NULL    |
| distributor | VARCHAR     | YES     | NULL    | NULL    | NULL    |
+-------------+-------------+---------+---------+---------+---------+

+--------------------------+
|            x             |
|         varchar          |
+--------------------------+
| --- letterboxd films --- |
+--------------------------+

+-------------+-------------+---------+---------+---------+---------+
| column_name | column_type |  null   |   key   | default |  extra  |
|   varchar   |   varchar   | varchar | varchar | varchar | varchar |
+-------------+-------------+---------+---------+---------+---------+
| film_id     | VARCHAR     | YES     | NULL    | NULL    | NULL    |
| film_name   | VARCHAR     | YES     | NULL    | NULL    | NULL    |
| year        | BIGINT      | YES     | NULL    | NULL    | NULL    |
| poster_url  | VARCHAR     | YES     | NULL    | NULL    | NULL    |
+-------------+-------------+---------+---------+---------+---------+

+----------------------------+
|             x              |
|          varchar           |
+----------------------------+
| --- letterboxd ratings --- |
+----------------------------+

+-------------+-------------+---------+---------+---------+---------+
| column_name | column_type |  null   |   key   | default |  extra  |
|   varchar   |   varchar   | varchar | varchar | varchar | varchar |
+-------------+-------------+---------+---------+---------+---------+
| user_name   | VARCHAR     | YES     | NULL    | NULL    | NULL    |
| film_id     | VARCHAR     | YES     | NULL    | NULL    | NULL    |
| rating      | DOUBLE      | YES     | NULL    | NULL    | NULL    |
+-------------+-------------+---------+---------+---------+---------+

+---------------------+
|          x          |
|       varchar       |
+---------------------+
| --- ml-1m users --- |
+---------------------+

+-------------+-------------+---------+---------+---------+---------+
| column_name | column_type |  null   |   key   | default |  extra  |
|   varchar   |   varchar   | varchar | varchar | varchar | varchar |
+-------------+-------------+---------+---------+---------+---------+
| user_id     | INTEGER     | YES     | NULL    | NULL    | NULL    |
| gender      | VARCHAR     | YES     | NULL    | NULL    | NULL    |
| age         | INTEGER     | YES     | NULL    | NULL    | NULL    |
| occupation  | INTEGER     | YES     | NULL    | NULL    | NULL    |
| zip         | VARCHAR     | YES     | NULL    | NULL    | NULL    |
+-------------+-------------+---------+---------+---------+---------+

+--------------+----------+
|    fonte     |  linhas  |
|   varchar    |  int64   |
+--------------+----------+
| basics       | 12779198 |
| ratings      |  1708603 |
| akas         | 59292348 |
| links        |    87585 |
| ml32_ratings | 32000204 |
| box_office   |   356322 |
| lb_films     |   355141 |
| lb_ratings   | 18175545 |
| ml1_users    |     6040 |
| ml1_ratings  |  1000209 |
| ml1_movies   |     3883 |
+--------------+----------+
  11 rows       2 columns

+--------------+---------+
|  titleType   |    n    |
|   varchar    |  int64  |
+--------------+---------+
| tvEpisode    | 9879775 |
| short        | 1156677 |
| movie        |  756513 |
| video        |  331119 |
| tvSeries     |  305074 |
| tvMovie      |  156058 |
| tvMiniSeries |   72841 |
| tvSpecial    |   59936 |
| videoGame    |   50146 |
| tvShort      |   11058 |
| tvPilot      |       1 |
+--------------+---------+
  11 rows      2 columns

+-------------+--------+-----------+------------+---------+
|    faixa    | filmes | acumulado | nota_media | nota_dp |
|   varchar   | int64  |  int128   |   double   | double  |
+-------------+--------+-----------+------------+---------+
| a. 100k+    |   2750 |      2750 |       6.99 |    0.82 |
| b. 25k-100k |   4530 |      7280 |       6.51 |     1.0 |
| c. 5k-25k   |  11797 |     19077 |       6.37 |    1.07 |
| d. 1k-5k    |  29980 |     49057 |       6.06 |    1.21 |
| e. 100-1k   |  97727 |    146784 |       5.75 |     1.3 |
| f. <100     | 201444 |    348228 |       6.33 |    1.43 |
+-------------+--------+-----------+------------+---------+

+--------+--------+------------+-------------+---------------+
| decada | filmes | nota_media | votos_medio | votos_mediana |
| int64  | int64  |   double   |   double    |    double     |
+--------+--------+------------+-------------+---------------+
|   1920 |    242 |       7.03 |      8388.0 |        2279.5 |
|   1930 |    814 |       6.79 |      7616.0 |        2168.5 |
|   1940 |   1140 |        6.8 |      9144.0 |        2642.5 |
|   1950 |   1623 |       6.65 |     10695.0 |        2488.0 |
|   1960 |   2027 |       6.61 |     11702.0 |        2857.0 |
|   1970 |   2619 |       6.47 |     15541.0 |        2760.0 |
|   1980 |   3376 |       6.27 |     23110.0 |        3715.5 |
|   1990 |   4343 |       6.33 |     39228.0 |        5015.0 |
|   2000 |   8463 |        6.2 |     39177.0 |        4087.0 |
|   2010 |  14510 |       6.07 |     28776.0 |        3331.0 |
|   2020 |   9842 |        6.1 |     16089.0 |        2949.5 |
+--------+--------+------------+-------------+---------------+
  11 rows                                          5 columns

+--------+-------+-------+-------+-------+-------+
| decada | v100  |  v1k  |  v5k  | v25k  | v100k |
| int64  | int64 | int64 | int64 | int64 | int64 |
+--------+-------+-------+-------+-------+-------+
|   1900 |     5 |     1 |     0 |     0 |     0 |
|   1910 |   313 |    57 |     4 |     1 |     0 |
|   1920 |   945 |   242 |    66 |    13 |     5 |
|   1930 |  3780 |   814 |   198 |    33 |     8 |
|   1940 |  4000 |  1140 |   320 |    62 |    17 |
|   1950 |  5356 |  1623 |   460 |   105 |    34 |
|   1960 |  6914 |  2027 |   636 |   150 |    41 |
|   1970 |  8967 |  2619 |   860 |   242 |    63 |
|   1980 | 10286 |  3376 |  1409 |   508 |   163 |
|   1990 | 12182 |  4343 |  2175 |   953 |   356 |
|   2000 | 22896 |  8463 |  3831 |  1798 |   783 |
|   2010 | 41855 | 14510 |  5690 |  2238 |   931 |
|   2020 | 29277 |  9842 |  3428 |  1177 |   349 |
+--------+-------+-------+-------+-------+-------+
  13 rows                              6 columns

+---------+------------+--------+-------+
| sem_ano | antes_1920 | futuro | total |
|  int64  |   int64    | int64  | int64 |
+---------+------------+--------+-------+
|       0 |         58 |      0 | 49057 |
+---------+------------+--------+-------+

+--------+------------------+----------+----------+
| linhas | tconst_distintos | com_imdb | com_tmdb |
| int64  |      int64       |  int64   |  int64   |
+--------+------------------+----------+----------+
|  87585 |            87585 |    87585 |    87461 |
+--------+------------------+----------+----------+

+-----------------+--------------+-------------+------------------+--------------+
| filmes_no_frame | no_movielens | com_tmdb_id | pct_no_movielens | pct_com_tmdb |
|      int64      |    int64     |    int64    |      double      |    double    |
+-----------------+--------------+-------------+------------------+--------------+
|           49057 |        38740 |       38735 |             79.0 |         79.0 |
+-----------------+--------------+-------------+------------------+--------------+

+-------------+--------+--------------+-------------+--------------+--------------+
|    faixa    | filmes | no_movielens | com_tmdb_id | pct_com_tmdb | precisa_find |
|   varchar   | int64  |    int64     |    int64    |    double    |    int64     |
+-------------+--------+--------------+-------------+--------------+--------------+
| a. 100k+    |   2750 |         2611 |        2611 |         94.9 |          139 |
| b. 25k-100k |   4530 |         4113 |        4113 |         90.8 |          417 |
| c. 5k-25k   |  11797 |        10225 |       10224 |         86.7 |         1573 |
| d. 1k-5k    |  29980 |        21791 |       21787 |         72.7 |         8193 |
| e. 100-1k   |  97727 |        28937 |       28908 |         29.6 |        68819 |
| f. <100     | 201444 |         3524 |        3493 |          1.7 |       197951 |
+-------------+--------+--------------+-------------+--------------+--------------+

+----------------------+-------+
|      titleType       |   n   |
|       varchar        | int64 |
+----------------------+-------+
| movie                | 71264 |
| tvMovie              |  6052 |
| short                |  5251 |
| video                |  2285 |
| tvSpecial            |   899 |
| tvEpisode            |   763 |
| tvMiniSeries         |   536 |
| (não está no basics) |   227 |
| tvShort              |   171 |
| tvSeries             |   135 |
| videoGame            |     2 |
+----------------------+-------+
  11 rows            2 columns

+--------+-------------------+----------------------+-------------------+---------+---------+---------+
| filmes | film_id_distintos | film_id_literal_null | film_id_nulo_real | sem_ano | ano_min | ano_max |
| int64  |       int64       |        int64         |       int64       |  int64  |  int64  |  int64  |
+--------+-------------------+----------------------+-------------------+---------+---------+---------+
| 355141 |            355141 |                    1 |                 0 |    6006 |    1865 |    2031 |
+--------+-------------------+----------------------+-------------------+---------+---------+---------+

+----------+----------+------------------+-----------+----------+----------+------------+---------------+
|  notas   | usuarios | filmes_avaliados | nota_nula | nota_min | nota_max | nota_media | film_id_orfao |
|  int64   |  int64   |      int64       |   int64   |  double  |  double  |   double   |     int64     |
+----------+----------+------------------+-----------+----------+----------+------------+---------------+
| 18175545 |    11061 |           355141 |         0 |      0.5 |      5.0 |      3.274 |             0 |
+----------+----------+------------------+-----------+----------+----------+------------+---------------+

+--------+---------+--------+
| rating |    n    |  pct   |
| double |  int64  | double |
+--------+---------+--------+
|    0.5 |  309105 |    1.7 |
|    1.0 |  615883 |    3.4 |
|    1.5 |  636460 |    3.5 |
|    2.0 | 1523578 |    8.4 |
|    2.5 | 1753268 |    9.6 |
|    3.0 | 3492302 |   19.2 |
|    3.5 | 3310119 |   18.2 |
|    4.0 | 3631351 |   20.0 |
|    4.5 | 1519156 |    8.4 |
|    5.0 | 1384323 |    7.6 |
+--------+---------+--------+
  10 rows         3 columns

+-------------+--------+---------+
|    faixa    | filmes |  notas  |
|   varchar   | int64  | int128  |
+-------------+--------+---------+
| a. 1000+    |   4111 | 9818934 |
| b. 100-1000 |  18056 | 5539112 |
| c. 30-100   |  25172 | 1338981 |
| d. 10-30    |  46739 |  778028 |
| e. <10      | 261063 |  700490 |
+-------------+--------+---------+

+-------+---------+----------+--------------+----------+--------+------------+
|  age  |  faixa  | usuarios | pct_usuarios | mulheres | notas  | nota_media |
| int32 | varchar |  int64   |    double    |  int64   | int64  |   double   |
+-------+---------+----------+--------------+----------+--------+------------+
|     1 | <18     |      222 |          3.7 |       78 |  27211 |       3.55 |
|    18 | 18-24   |     1103 |         18.3 |      298 | 183536 |      3.508 |
|    25 | 25-34   |     2096 |         34.7 |      558 | 395556 |      3.545 |
|    35 | 35-44   |     1193 |         19.8 |      338 | 199003 |      3.618 |
|    45 | 45-49   |      550 |          9.1 |      189 |  83633 |      3.638 |
|    50 | 50-55   |      496 |          8.2 |      146 |  72490 |      3.715 |
|    56 | 56+     |      380 |          6.3 |      102 |  38780 |      3.767 |
+-------+---------+----------+--------------+----------+--------+------------+

+-------+--------+--------+
|  ano  | notas  |  pct   |
| int64 | int64  | double |
+-------+--------+--------+
|  2000 | 904791 |   90.5 |
|  2001 |  68037 |    6.8 |
|  2002 |  24038 |    2.4 |
|  2003 |   3343 |    0.3 |
+-------+--------+--------+

+------------+------------+-------------+
| filmes_ml1 | com_tconst | no_frame_1k |
|   int64    |   int64    |    int64    |
+------------+------------+-------------+
|       3883 |       3850 |        3417 |
+------------+------------+-------------+

+------------+-----------------+--------------+------------------+
| filmes_ml1 | achados_no_ml32 | titulo_igual | titulo_diferente |
|   int64    |      int64      |    int64     |      int64       |
+------------+-----------------+--------------+------------------+
|       3883 |            3850 |         3335 |              515 |
+------------+-----------------+--------------+------------------+

+----------+------------------------------------------------+-----------------------------------------------------------------+
| movie_id |                      ml1                       |                              ml32                               |
|  int32   |                    varchar                     |                             varchar                             |
+----------+------------------------------------------------+-----------------------------------------------------------------+
|       29 | City of Lost Children, The (1995)              | City of Lost Children, The (Cité des enfants perdus, La) (1995) |
|       32 | Twelve Monkeys (1995)                          | Twelve Monkeys (a.k.a. 12 Monkeys) (1995)                       |
|       47 | Seven (Se7en) (1995)                           | Seven (a.k.a. Se7en) (1995)                                     |
|       58 | Postino, Il (The Postman) (1994)               | Postman, The (Postino, Il) (1994)                               |
|       59 | Confessional, The (Le Confessionnal) (1995)    | Confessional, The (Confessionnal, Le) (1995)                    |
|       80 | White Balloon, The (Badkonake Sefid ) (1995)   | White Balloon, The (Badkonake sefid) (1995)                     |
|       81 | Things to Do in Denver when You're Dead (1995) | Things to Do in Denver When You're Dead (1995)                  |
|       90 | Journey of August King, The (1995)             | The Journey of August King (1995)                               |
|      108 | Catwalk (1995)                                 | Catwalk (1996)                                                  |
|      112 | Rumble in the Bronx (1995)                     | Rumble in the Bronx (Hont faan kui) (1995)                      |
|      115 | Happiness Is in the Field (1995)               | Happiness Is in the Field (Bonheur est dans le pré, Le) (1995)  |
|      121 | Boys of St. Vincent, The (1993)                | Boys of St. Vincent, The (1992)                                 |
+----------+------------------------------------------------+-----------------------------------------------------------------+
  12 rows                                                                                                           3 columns

+---------+--------+--------------+
| region  | filmes | pct_do_frame |
| varchar | int64  |    double    |
+---------+--------+--------------+
| NULL    |  49057 |        100.0 |
| US      |  47074 |         96.0 |
| GB      |  46109 |         94.0 |
| CA      |  43964 |         89.6 |
| AU      |  42290 |         86.2 |
| IN      |  40562 |         82.7 |
| ZA      |  38806 |         79.1 |
| IE      |  37825 |         77.1 |
| NZ      |  37723 |         76.9 |
| DE      |  34859 |         71.1 |
| FR      |  33388 |         68.1 |
| RU      |  32801 |         66.9 |
| BR      |  32551 |         66.4 |
| ES      |  31513 |         64.2 |
| JP      |  30604 |         62.4 |
| IT      |  29974 |         61.1 |
| PL      |  29918 |         61.0 |
| HU      |  24583 |         50.1 |
| GR      |  23589 |         48.1 |
| PT      |  22479 |         45.8 |
| SE      |  22341 |         45.5 |
| MX      |  21988 |         44.8 |
| TR      |  19842 |         40.4 |
| AR      |  19278 |         39.3 |
| TW      |  16820 |         34.3 |
+---------+--------+--------------+
  25 rows               3 columns

+--------+---------------+-----------------+--------------+---------------+------------+------------------------+
| filmes | regioes_media | regioes_mediana | com_1_regiao | ate_3_regioes | pct_com_us | pct_com_linha_original |
| int64  |    double     |     double      |    int64     |     int64     |   double   |         double         |
+--------+---------------+-----------------+--------------+---------------+------------+------------------------+
|  49057 |          22.2 |            21.0 |          186 |           922 |       96.0 |                  100.0 |
+--------+---------------+-----------------+--------------+---------------+------------+------------------------+

+------------------+------------+------------+
| linhas_originais | com_regiao | com_idioma |
|      int64       |   int64    |   int64    |
+------------------+------------+------------+
|            49057 |          0 |          0 |
+------------------+------------+------------+

+-----------------------+--------+
|      pais_proxy       | filmes |
|        varchar        | int64  |
+-----------------------+--------+
| (ambíguo: 8 regiões)  |   7992 |
| (ambíguo: 9 regiões)  |   5393 |
| (ambíguo: 10 regiões) |   3743 |
| (ambíguo: 2 regiões)  |   3283 |
| (ambíguo: 11 regiões) |   3031 |
| (ambíguo: 12 regiões) |   2349 |
| (ambíguo: 3 regiões)  |   2176 |
| (ambíguo: 13 regiões) |   2050 |
| (ambíguo: 14 regiões) |   1526 |
| (ambíguo: 4 regiões)  |   1478 |
| (ambíguo: 15 regiões) |   1248 |
| (ambíguo: 5 regiões)  |   1036 |
| (ambíguo: 16 regiões) |    959 |
| (ambíguo: 17 regiões) |    776 |
| (ambíguo: 6 regiões)  |    729 |
| IT                    |    676 |
| (ambíguo: 18 regiões) |    581 |
| (ambíguo: 7 regiões)  |    554 |
| DE                    |    449 |
| (ambíguo: 19 regiões) |    424 |
| FR                    |    408 |
| (ambíguo: 20 regiões) |    369 |
| KR                    |    316 |
| TR                    |    292 |
| (ambíguo: 21 regiões) |    272 |
| SE                    |    223 |
| (ambíguo: 22 regiões) |    208 |
| IN                    |    202 |
| IR                    |    181 |
| ES                    |    176 |
+-----------------------+--------+
  30 rows              2 columns

+-----------+----------------------------------------------------------------------+-----------+-------+-----------------------------------------------------------------------------------------------------------+
|  tconst   |                             primaryTitle                             | startYear |   n   |                                                  regioes                                                  |
|  varchar  |                               varchar                                |   int64   | int64 |                                                  varchar                                                  |
+-----------+----------------------------------------------------------------------+-----------+-------+-----------------------------------------------------------------------------------------------------------+
| tt0057012 | Dr. Strangelove or: How I Learned to Stop Worrying and Love the Bomb |      1964 |    12 | AU,CA,GB,IE,IN,KR,NL,NZ,PH,SG,US,ZA                                                                       |
| tt0091251 | Come and See                                                         |      1985 |     3 | AE,CA,SUHH                                                                                                |
| tt0118799 | Life Is Beautiful                                                    |      1997 |     2 | AE,IT                                                                                                     |
| tt0140888 | Central Station                                                      |      1998 |     6 | BR,CA,FR,IT,NL,PT                                                                                         |
| tt0245712 | Amores Perros                                                        |      2000 |    35 | AE,AR,AT,AU,BO,CA,CL,CO,CU,DE,DO,ES,FI,GB,GT,IE,IN,IT,KR,MX,NI,NL,NZ,PA,PE,PL,PR,PY,SG,SV,US,UY,VE,XWW,ZA |
| tt0211915 | Amélie                                                               |      2001 |     4 | CA,CH,FR,NL                                                                                               |
| tt0317248 | City of God                                                          |      2002 |     3 | AE,BR,PT                                                                                                  |
| tt0347149 | Howl's Moving Castle                                                 |      2004 |  NULL | NULL                                                                                                      |
| tt0405094 | The Lives of Others                                                  |      2006 |     4 | AT,CH,DE,NL                                                                                               |
| tt0468569 | The Dark Knight                                                      |      2008 |    16 | AE,AU,CA,DE,DK,GB,IE,IN,NL,NZ,PH,SE,SG,US,XWW,ZA                                                          |
| tt1187043 | 3 Idiots                                                             |      2009 |    18 | AE,AU,CA,DE,ES,FR,GB,IE,IN,IT,MX,NL,NZ,PH,SE,SG,US,ZA                                                     |
| tt0993846 | The Wolf of Wall Street                                              |      2013 |    22 | AE,AU,BD,BE,CA,DE,GB,IE,IN,IT,JM,JP,MY,NL,NZ,PH,PK,SE,SG,US,XWW,ZA                                        |
| tt2278388 | The Grand Budapest Hotel                                             |      2014 |    16 | AE,AU,CA,CH,FR,GB,IE,IN,KR,NL,NZ,PH,SE,SG,US,ZA                                                           |
| tt6751668 | Parasite                                                             |      2019 |     3 | AE,KR,NL                                                                                                  |
+-----------+----------------------------------------------------------------------+-----------+-------+-----------------------------------------------------------------------------------------------------------+
  14 rows                                                                                                                                                                                                5 columns

+-------------+-------------+------------------+-----------+-------------+--------------+---------------+------------+
|    faixa    | filmes_imdb | casou_titulo_ano | pct_casou | lb_30_notas | lb_100_notas | lb_1000_notas | pct_lb_100 |
|   varchar   |    int64    |      int64       |  double   |    int64    |    int64     |     int64     |   double   |
+-------------+-------------+------------------+-----------+-------------+--------------+---------------+------------+
| a. 100k+    |        2750 |             2557 |      93.0 |        2540 |         2533 |          2195 |       92.1 |
| b. 25k-100k |        4530 |             4065 |      89.7 |        3994 |         3835 |          1312 |       84.7 |
| c. 5k-25k   |       11797 |            10067 |      85.3 |        9128 |         6627 |           327 |       56.2 |
| d. 1k-5k    |       29980 |            22679 |      75.6 |       12019 |         4233 |            13 |       14.1 |
| e. 100-1k   |       97727 |            57712 |      59.1 |        5423 |          622 |            23 |        0.6 |
| f. <100     |      201444 |            40551 |      20.1 |         460 |          192 |            43 |        0.1 |
+-------------+-------------+------------------+-----------+-------------+--------------+---------------+------------+

+--------+---------+--------------+--------+
| decada | imdb_1k | lb_100_notas |  pct   |
| int64  |  int64  |    int64     | double |
+--------+---------+--------------+--------+
|   1920 |     242 |          129 |   53.3 |
|   1930 |     814 |          359 |   44.1 |
|   1940 |    1140 |          485 |   42.5 |
|   1950 |    1623 |          663 |   40.9 |
|   1960 |    2027 |          934 |   46.1 |
|   1970 |    2619 |         1301 |   49.7 |
|   1980 |    3376 |         1751 |   51.9 |
|   1990 |    4343 |         2030 |   46.7 |
|   2000 |    8463 |         2800 |   33.1 |
|   2010 |   14510 |         4875 |   33.6 |
|   2020 |    9842 |         1881 |   19.1 |
+--------+---------+--------------+--------+
  11 rows                        4 columns

+----------+---------+--------+
| corte_5k | adultos | filmes |
| boolean  |  int64  | int64  |
+----------+---------+--------+
| true     |       1 |  19077 |
| false    |      17 |  29980 |
+----------+---------+--------+

+-------+--------+--------+
| year  | filmes | notas  |
| int64 | int64  | int128 |
+-------+--------+--------+
|  2021 |  14325 | 718716 |
|  2022 |  13238 | 750249 |
|  2023 |   7987 | 331268 |
|  2024 |     40 |    131 |
|  2025 |     12 |     45 |
|  2026 |      1 |      4 |
|  2027 |      1 |      5 |
|  2029 |      2 |      2 |
|  2031 |      1 |      4 |
+-------+--------+--------+

+------------+------------+--------+---------+---------------+
|     de     |    ate     |  ids   | titulos | receita_total |
|    date    |    date    | int64  |  int64  |    int128     |
+------------+------------+--------+---------+---------------+
| 2000-01-01 | 2025-01-03 | 356322 |    7176 |  221097642219 |
+------------+------------+--------+---------+---------------+

+--------------------------------------+------------+--------------------------------------------+-----------+----------+-------------------------------------+
|                  id                  |    date    |                   title                    |  revenue  | theaters |             distributor             |
|               varchar                |    date    |                  varchar                   |   int64   |  int64   |               varchar               |
+--------------------------------------+------------+--------------------------------------------+-----------+----------+-------------------------------------+
| c5477391-de7d-0cb3-4738-bb9e971d6b53 | 2019-04-26 | Avengers: Endgame                          | 157461641 |     4662 | Walt Disney Studios Motion Pictures |
| e5f9c957-c088-7070-b32c-4e949c0c7d3d | 2021-12-17 | Spider-Man: No Way Home                    | 121850000 |     4336 | Sony Pictures Entertainment (SPE)   |
| 03ec9798-2fb1-b3e9-b711-3f0a6932f82f | 2015-12-18 | Star Wars: Episode VII - The Force Awakens | 119119282 |     4134 | Walt Disney Studios Motion Pictures |
+--------------------------------------+------------+--------------------------------------------+-----------+----------+-------------------------------------+

