+-----------------+-------------------+----------+----------+----------+----------------+-------------+----------------------+----------------------+----------------------------+-------------+-------------+------------+
| filmes_no_frame | com_tmdb_validado | pct_tmdb | com_pais | pct_pais | com_um_pais_so | com_cert_br | com_classificacao_br | pct_classificacao_br | classificacao_br_de_cinema | com_cert_us | pct_cert_us | so_cert_us |
|      int64      |       int64       |  double  |  int64   |  double  |     int64      |    int64    |        int64         |        double        |           int64            |    int64    |   double    |   int64    |
+-----------------+-------------------+----------+----------+----------+----------------+-------------+----------------------+----------------------+----------------------------+-------------+-------------+------------+
|           17810 |             17805 |    100.0 |    17742 |     99.6 |          12647 |        7057 |                 7048 |                 39.6 |                       5150 |       13400 |        75.2 |       6917 |
+-----------------+-------------------+----------+----------+----------+----------------+-------------+----------------------+----------------------+----------------------------+-------------+-------------+------------+

+---------+--------+--------------+-----------------+
|  pais   | filmes | pct_do_frame | como_unico_pais |
| varchar | int64  |    double    |      int64      |
+---------+--------+--------------+-----------------+
| US      |  11212 |         63.0 |            7984 |
| GB      |   2596 |         14.6 |             670 |
| FR      |   1810 |         10.2 |             400 |
| IN      |   1367 |          7.7 |            1236 |
| DE      |   1108 |          6.2 |             150 |
| CA      |    884 |          5.0 |             179 |
| IT      |    677 |          3.8 |             163 |
| JP      |    623 |          3.5 |             412 |
| ES      |    461 |          2.6 |             136 |
| BE      |    336 |          1.9 |              11 |
| AU      |    326 |          1.8 |             114 |
| TR      |    303 |          1.7 |             247 |
| HK      |    295 |          1.7 |              83 |
| CN      |    260 |          1.5 |              28 |
| SE      |    259 |          1.5 |              55 |
| KR      |    232 |          1.3 |             174 |
| DK      |    204 |          1.1 |              37 |
| IE      |    198 |          1.1 |              16 |
| NL      |    154 |          0.9 |              28 |
| CH      |    137 |          0.8 |               4 |
+---------+--------+--------------+-----------------+
  20 rows                                 4 columns

+----------+--------+--------+
| n_paises | filmes |  pct   |
|  int64   | int64  | double |
+----------+--------+--------+
|        0 |     63 |    0.4 |
|        1 |  12647 |   71.0 |
|        2 |   3329 |   18.7 |
|        3 |   1123 |    6.3 |
|        4 |    437 |    2.5 |
|        5 |    129 |    0.7 |
|        6 |     44 |    0.2 |
|        7 |     15 |    0.1 |
|        8 |      9 |    0.1 |
|        9 |      3 |    0.0 |
|       10 |      2 |    0.0 |
|       11 |      1 |    0.0 |
|       13 |      1 |    0.0 |
|       14 |      1 |    0.0 |
|       16 |      1 |    0.0 |
+----------+--------+--------+
  15 rows          3 columns

+---------------+--------+-----------------------+-----------+
| classificacao | filmes | pct_das_classificadas | de_cinema |
|    varchar    | int64  |        double         |   int64   |
+---------------+--------+-----------------------+-----------+
| L             |    966 |                  13.7 |       806 |
| 10            |    410 |                   5.8 |       307 |
| 12            |   1597 |                  22.7 |      1201 |
| 14            |   1948 |                  27.6 |      1430 |
| 16            |   1650 |                  23.4 |      1080 |
| 18            |    477 |                   6.8 |       326 |
+---------------+--------+-----------------------+-----------+

+--------+--------+----------------------+--------+-------------+--------+
| decada | filmes | com_classificacao_br |  pct   | com_cert_us | pct_us |
| int32  | int64  |        int64         | double |    int64    | double |
+--------+--------+----------------------+--------+-------------+--------+
|   1930 |    198 |                   50 |   25.3 |         147 |   74.2 |
|   1940 |    320 |                  103 |   32.2 |         232 |   72.5 |
|   1950 |    460 |                  184 |   40.0 |         303 |   65.9 |
|   1960 |    636 |                  196 |   30.8 |         416 |   65.4 |
|   1970 |    860 |                  248 |   28.8 |         697 |   81.0 |
|   1980 |   1409 |                  486 |   34.5 |        1233 |   87.5 |
|   1990 |   2175 |                  733 |   33.7 |        1880 |   86.4 |
|   2000 |   3831 |                 1299 |   33.9 |        2967 |   77.4 |
|   2010 |   5690 |                 2546 |   44.7 |        4005 |   70.4 |
|   2020 |   2231 |                 1203 |   53.9 |        1520 |   68.1 |
+--------+--------+----------------------+--------+-------------+--------+
  10 rows                                                      6 columns

