+---------+----------+----------+--------------+------------+--------------+---------------+----------+----------+--------+---------+
| recorte | no_frame | tem_slug | slug_no_dump | tem_1_nota | tem_30_notas | tem_100_notas | pct_slug | pct_dump | pct_30 | pct_100 |
| varchar |  int64   |  int64   |    int64     |   int64    |    int64     |     int64     |  double  |  double  | double | double  |
+---------+----------+----------+--------------+------------+--------------+---------------+----------+----------+--------+---------+
| total   |    17810 |    17742 |        17547 |      17547 |        16377 |         13477 |     99.6 |     98.5 |   92.0 |    75.7 |
+---------+----------+----------+--------------+------------+--------------+---------------+----------+----------+--------+---------+

+--------+----------+----------+--------------+------------+--------------+---------------+----------+----------+--------+---------+
| decada | no_frame | tem_slug | slug_no_dump | tem_1_nota | tem_30_notas | tem_100_notas | pct_slug | pct_dump | pct_30 | pct_100 |
| int32  |  int64   |  int64   |    int64     |   int64    |    int64     |     int64     |  double  |  double  | double | double  |
+--------+----------+----------+--------------+------------+--------------+---------------+----------+----------+--------+---------+
|   1930 |      198 |      198 |          197 |        197 |          197 |           196 |    100.0 |     99.5 |   99.5 |    99.0 |
|   1940 |      320 |      320 |          319 |        319 |          319 |           313 |    100.0 |     99.7 |   99.7 |    97.8 |
|   1950 |      460 |      460 |          455 |        455 |          453 |           431 |    100.0 |     98.9 |   98.5 |    93.7 |
|   1960 |      636 |      636 |          628 |        628 |          626 |           566 |    100.0 |     98.7 |   98.4 |    89.0 |
|   1970 |      860 |      860 |          855 |        855 |          819 |           768 |    100.0 |     99.4 |   95.2 |    89.3 |
|   1980 |     1409 |     1409 |         1402 |       1402 |         1360 |          1263 |    100.0 |     99.5 |   96.5 |    89.6 |
|   1990 |     2175 |     2175 |         2165 |       2165 |         2083 |          1799 |    100.0 |     99.5 |   95.8 |    82.7 |
|   2000 |     3831 |     3827 |         3815 |       3815 |         3516 |          2678 |     99.9 |     99.6 |   91.8 |    69.9 |
|   2010 |     5690 |     5659 |         5628 |       5628 |         5205 |          4061 |     99.5 |     98.9 |   91.5 |    71.4 |
|   2020 |     2231 |     2198 |         2083 |       2083 |         1799 |          1402 |     98.5 |     93.4 |   80.6 |    62.8 |
+--------+----------+----------+--------------+------------+--------------+---------------+----------+----------+--------+---------+
  10 rows                                                                                                               11 columns

+-------------+----------+----------+--------------+------------+--------------+---------------+----------+----------+--------+---------+
| faixa_votos | no_frame | tem_slug | slug_no_dump | tem_1_nota | tem_30_notas | tem_100_notas | pct_slug | pct_dump | pct_30 | pct_100 |
|   varchar   |  int64   |  int64   |    int64     |   int64    |    int64     |     int64     |  double  |  double  | double | double  |
+-------------+----------+----------+--------------+------------+--------------+---------------+----------+----------+--------+---------+
| a. 100k+    |     2632 |     2632 |         2621 |       2621 |         2612 |          2605 |    100.0 |     99.6 |   99.2 |    99.0 |
| b. 25k-100k |     4215 |     4212 |         4183 |       4183 |         4119 |          3954 |     99.9 |     99.2 |   97.7 |    93.8 |
| c. 5k-25k   |    10963 |    10898 |        10743 |      10743 |         9646 |          6918 |     99.4 |     98.0 |   88.0 |    63.1 |
+-------------+----------+----------+--------------+------------+--------------+---------------+----------+----------+--------+---------+

+------------+-----------------------------------------------+-------+----------+-----------------------------------------------------------+
|   tconst   |                    titulo                     |  ano  | numVotes |                      letterboxd_slug                      |
|  varchar   |                    varchar                    | int32 |  int32   |                          varchar                          |
+------------+-----------------------------------------------+-------+----------+-----------------------------------------------------------+
| tt2310332  | The Hobbit: The Battle of the Five Armies     |  2014 |   625324 | the-hobbit-the-battle-of-the-five-armies-extended-version |
| tt9603212  | Mission: Impossible - Dead Reckoning Part One |  2023 |   332799 | mission-impossible-dead-reckoning                         |
| tt12747748 | Leave the World Behind                        |  2023 |   247162 | leave-the-world-behind-2023                               |
| tt23289160 | Godzilla Minus One                            |  2023 |   230551 | godzilla-minus-one                                        |
| tt26047818 | Anyone But You                                |  2023 |   179887 | anyone-but-you                                            |
| tt23849204 | 12th Fail                                     |  2023 |   177086 | 12th-fail                                                 |
| tt0120784  | Payback                                       |  1999 |   154906 | payback-straight-up                                       |
| tt5323662  | A Silent Voice: The Movie                     |  2016 |   149751 | a-silent-voice-the-movie                                  |
| tt21064584 | The Iron Claw                                 |  2023 |   121929 | the-iron-claw-2023                                        |
| tt13751694 | Animal                                        |  2023 |   118071 | animal-2023                                               |
| tt9389998  | Pushpa: The Rise - Part 1                     |  2021 |   101618 | pushpa-the-rise                                           |
| tt0178868  | The Ring                                      |  1998 |    87195 | ring-1998                                                 |
| tt15428134 | Dunki                                         |  2023 |    86478 | dunki                                                     |
| tt1448754  | Thanksgiving                                  |  2023 |    82572 | thanksgiving-2023                                         |
| tt0368909  | Ong-Bak: The Thai Warrior                     |  2003 |    82148 | ong-bak                                                   |
+------------+-----------------------------------------------+-------+----------+-----------------------------------------------------------+
  15 rows                                                                                                                         5 columns

+------------+-----------------------------------------+-------+----------+
|   tconst   |                 titulo                  |  ano  | numVotes |
|  varchar   |                 varchar                 | int32 |  int32   |
+------------+-----------------------------------------+-------+----------+
| tt1259014  | Mesrine: Killer Instinct                |  2008 |    36875 |
| tt3655326  | Life Is a Dream                         |  2014 |    31068 |
| tt6745550  | Exit 0                                  |  2019 |    25395 |
| tt28362963 | Checkmate                               |  2023 |    24774 |
| tt13586204 | MobKing                                 |  2023 |    24773 |
| tt12415546 | Attack on Titan: Chronicle              |  2020 |    13088 |
| tt2935390  | The Snare                               |  2017 |    13059 |
| tt15944428 | Ghoomer                                 |  2023 |    12888 |
| tt15281656 | The Holy Trinity                        |  2023 |    12381 |
| tt3517870  | Mine 9                                  |  2019 |    12371 |
| tt1531924  | The Disappearance of Eleanor Rigby: Him |  2013 |    10808 |
| tt16747572 | The Silence of Swastika                 |  2021 |    10707 |
| tt4058012  | 96 Souls                                |  2016 |    10589 |
| tt11650226 | Vengeance Is Mine                       |  2021 |    10369 |
| tt11416594 | Karakomik Filmler: Deli                 |  2020 |    10309 |
+------------+-----------------------------------------+-------+----------+
  15 rows                                                       4 columns

+-------------+----------+---------------+------------------+
| faixa_votos | no_frame | tem_100_notas | pct_100_wikidata |
|   varchar   |  int64   |     int64     |      double      |
+-------------+----------+---------------+------------------+
| a. 100k+    |     2632 |          2605 |             99.0 |
| b. 25k-100k |     4215 |          3954 |             93.8 |
| c. 5k-25k   |    10963 |          6918 |             63.1 |
+-------------+----------+---------------+------------------+

+--------+-------------+--------+-----------------+--------------+---------------+--------+---------+
| decada | faixa_votos | filmes | amostra_pequena | tem_30_notas | tem_100_notas | pct_30 | pct_100 |
| int32  |   varchar   | int64  |     boolean     |    int64     |     int64     | double | double  |
+--------+-------------+--------+-----------------+--------------+---------------+--------+---------+
|   1930 | a. 100k+    |      8 | true            |            8 |             8 |  100.0 |   100.0 |
|   1930 | b. 25k-100k |     25 | true            |           24 |            24 |   96.0 |    96.0 |
|   1930 | c. 5k-25k   |    165 | false           |          165 |           164 |  100.0 |    99.4 |
|   1940 | a. 100k+    |     17 | true            |           17 |            17 |  100.0 |   100.0 |
|   1940 | b. 25k-100k |     45 | false           |           45 |            45 |  100.0 |   100.0 |
|   1940 | c. 5k-25k   |    258 | false           |          257 |           251 |   99.6 |    97.3 |
|   1950 | a. 100k+    |     34 | false           |           34 |            34 |  100.0 |   100.0 |
|   1950 | b. 25k-100k |     71 | false           |           70 |            70 |   98.6 |    98.6 |
|   1950 | c. 5k-25k   |    355 | false           |          349 |           327 |   98.3 |    92.1 |
|   1960 | a. 100k+    |     41 | false           |           41 |            41 |  100.0 |   100.0 |
|   1960 | b. 25k-100k |    109 | false           |          108 |           108 |   99.1 |    99.1 |
|   1960 | c. 5k-25k   |    486 | false           |          477 |           417 |   98.1 |    85.8 |
|   1970 | a. 100k+    |     63 | false           |           63 |            63 |  100.0 |   100.0 |
|   1970 | b. 25k-100k |    179 | false           |          176 |           175 |   98.3 |    97.8 |
|   1970 | c. 5k-25k   |    618 | false           |          580 |           530 |   93.9 |    85.8 |
|   1980 | a. 100k+    |    163 | false           |          163 |           163 |  100.0 |   100.0 |
|   1980 | b. 25k-100k |    345 | false           |          344 |           344 |   99.7 |    99.7 |
|   1980 | c. 5k-25k   |    901 | false           |          853 |           756 |   94.7 |    83.9 |
|   1990 | a. 100k+    |    356 | false           |          355 |           355 |   99.7 |    99.7 |
|   1990 | b. 25k-100k |    597 | false           |          594 |           587 |   99.5 |    98.3 |
|   1990 | c. 5k-25k   |   1222 | false           |         1134 |           857 |   92.8 |    70.1 |
|   2000 | a. 100k+    |    783 | false           |          783 |           783 |  100.0 |   100.0 |
|   2000 | b. 25k-100k |   1015 | false           |         1003 |           973 |   98.8 |    95.9 |
|   2000 | c. 5k-25k   |   2033 | false           |         1730 |           922 |   85.1 |    45.4 |
|   2010 | a. 100k+    |    931 | false           |          928 |           928 |   99.7 |    99.7 |
|   2010 | b. 25k-100k |   1307 | false           |         1285 |          1219 |   98.3 |    93.3 |
|   2010 | c. 5k-25k   |   3452 | false           |         2992 |          1914 |   86.7 |    55.4 |
|   2020 | a. 100k+    |    236 | false           |          220 |           213 |   93.2 |    90.3 |
|   2020 | b. 25k-100k |    522 | false           |          470 |           409 |   90.0 |    78.4 |
|   2020 | c. 5k-25k   |   1473 | false           |         1109 |           780 |   75.3 |    53.0 |
+--------+-------------+--------+-----------------+--------------+---------------+--------+---------+
  30 rows                                                                                 8 columns

+--------+-----------------------+---------------+-----------------------+------------------------+---------------+----------------+
| decada | filmes_corte_absoluto | filmes_top200 | pct_30_corte_absoluto | pct_100_corte_absoluto | pct_30_top200 | pct_100_top200 |
| int32  |         int64         |     int64     |        double         |         double         |    double     |     double     |
+--------+-----------------------+---------------+-----------------------+------------------------+---------------+----------------+
|   1930 |                   198 |           198 |                  99.5 |                   99.0 |          99.5 |           99.0 |
|   1940 |                   320 |           200 |                  99.7 |                   97.8 |         100.0 |          100.0 |
|   1950 |                   460 |           200 |                  98.5 |                   93.7 |          99.5 |           99.5 |
|   1960 |                   636 |           200 |                  98.4 |                   89.0 |          99.5 |           99.5 |
|   1970 |                   860 |           200 |                  95.2 |                   89.3 |          99.0 |           98.5 |
|   1980 |                  1409 |           200 |                  96.5 |                   89.6 |         100.0 |          100.0 |
|   1990 |                  2175 |           200 |                  95.8 |                   82.7 |         100.0 |          100.0 |
|   2000 |                  3831 |           200 |                  91.8 |                   69.9 |         100.0 |          100.0 |
|   2010 |                  5690 |           200 |                  91.5 |                   71.4 |          99.5 |           99.5 |
|   2020 |                  2231 |           200 |                  80.6 |                   62.8 |          92.5 |           89.0 |
+--------+-----------------------+---------------+-----------------------+------------------------+---------------+----------------+
  10 rows                                                                                                                7 columns

+--------+-------------+--------+-----------------+--------------+---------------+--------+---------+
| decada |   quartil   | filmes | amostra_pequena | tem_30_notas | tem_100_notas | pct_30 | pct_100 |
| int32  |   varchar   | int64  |     boolean     |    int64     |     int64     | double | double  |
+--------+-------------+--------+-----------------+--------------+---------------+--------+---------+
|   1930 | q1 base 25% |     50 | false           |           50 |            49 |  100.0 |    98.0 |
|   1930 | q2          |     49 | false           |           49 |            49 |  100.0 |   100.0 |
|   1930 | q3          |     49 | false           |           49 |            49 |  100.0 |   100.0 |
|   1930 | q4 top 25%  |     50 | false           |           49 |            49 |   98.0 |    98.0 |
|   1940 | q1 base 25% |     80 | false           |           79 |            75 |   98.8 |    93.8 |
|   1940 | q2          |     80 | false           |           80 |            78 |  100.0 |    97.5 |
|   1940 | q3          |     80 | false           |           80 |            80 |  100.0 |   100.0 |
|   1940 | q4 top 25%  |     80 | false           |           80 |            80 |  100.0 |   100.0 |
|   1950 | q1 base 25% |    115 | false           |          111 |            94 |   96.5 |    81.7 |
|   1950 | q2          |    115 | false           |          113 |           108 |   98.3 |    93.9 |
|   1950 | q3          |    115 | false           |          115 |           115 |  100.0 |   100.0 |
|   1950 | q4 top 25%  |    115 | false           |          114 |           114 |   99.1 |    99.1 |
|   1960 | q1 base 25% |    159 | false           |          155 |           126 |   97.5 |    79.2 |
|   1960 | q2          |    159 | false           |          156 |           132 |   98.1 |    83.0 |
|   1960 | q3          |    159 | false           |          157 |           150 |   98.7 |    94.3 |
|   1960 | q4 top 25%  |    159 | false           |          158 |           158 |   99.4 |    99.4 |
|   1970 | q1 base 25% |    216 | false           |          202 |           182 |   93.5 |    84.3 |
|   1970 | q2          |    214 | false           |          201 |           179 |   93.9 |    83.6 |
|   1970 | q3          |    215 | false           |          203 |           195 |   94.4 |    90.7 |
|   1970 | q4 top 25%  |    215 | false           |          213 |           212 |   99.1 |    98.6 |
|   1980 | q1 base 25% |    352 | false           |          320 |           253 |   90.9 |    71.9 |
|   1980 | q2          |    352 | false           |          337 |           313 |   95.7 |    88.9 |
|   1980 | q3          |    352 | false           |          350 |           344 |   99.4 |    97.7 |
|   1980 | q4 top 25%  |    353 | false           |          353 |           353 |  100.0 |   100.0 |
|   1990 | q1 base 25% |    544 | false           |          472 |           269 |   86.8 |    49.4 |
|   1990 | q2          |    543 | false           |          529 |           461 |   97.4 |    84.9 |
|   1990 | q3          |    544 | false           |          540 |           528 |   99.3 |    97.1 |
|   1990 | q4 top 25%  |    544 | false           |          542 |           541 |   99.6 |    99.4 |
|   2000 | q1 base 25% |    958 | false           |          726 |           255 |   75.8 |    26.6 |
|   2000 | q2          |    957 | false           |          888 |           570 |   92.8 |    59.6 |
|   2000 | q3          |    958 | false           |          945 |           896 |   98.6 |    93.5 |
|   2000 | q4 top 25%  |    958 | false           |          957 |           957 |   99.9 |    99.9 |
|   2010 | q1 base 25% |   1423 | false           |         1110 |           567 |   78.0 |    39.8 |
|   2010 | q2          |   1422 | false           |         1301 |           860 |   91.5 |    60.5 |
|   2010 | q3          |   1422 | false           |         1378 |          1225 |   96.9 |    86.1 |
|   2010 | q4 top 25%  |   1423 | false           |         1416 |          1409 |   99.5 |    99.0 |
|   2020 | q1 base 25% |    558 | false           |          391 |           240 |   70.1 |    43.0 |
|   2020 | q2          |    557 | false           |          409 |           289 |   73.4 |    51.9 |
|   2020 | q3          |    558 | false           |          482 |           394 |   86.4 |    70.6 |
|   2020 | q4 top 25%  |    558 | false           |          517 |           479 |   92.7 |    85.8 |
+--------+-------------+--------+-----------------+--------------+---------------+--------+---------+
  40 rows                                                                                 8 columns

+--------+--------+--------+--------+---------+
| decada | q4_top |   q3   |   q2   | q1_base |
| int32  | double | double | double | double  |
+--------+--------+--------+--------+---------+
|   1930 |   98.0 |  100.0 |  100.0 |    98.0 |
|   1940 |  100.0 |  100.0 |   97.5 |    93.8 |
|   1950 |   99.1 |  100.0 |   93.9 |    81.7 |
|   1960 |   99.4 |   94.3 |   83.0 |    79.2 |
|   1970 |   98.6 |   90.7 |   83.6 |    84.3 |
|   1980 |  100.0 |   97.7 |   88.9 |    71.9 |
|   1990 |   99.4 |   97.1 |   84.9 |    49.4 |
|   2000 |   99.9 |   93.5 |   59.6 |    26.6 |
|   2010 |   99.0 |   86.1 |   60.5 |    39.8 |
|   2020 |   85.8 |   70.6 |   51.9 |    43.0 |
+--------+--------+--------+--------+---------+
  10 rows                           5 columns

