+------------+---------+--------+--------+--------+--------+
| plataforma | titulos | media  |   dp   | z_min  | z_max  |
|  varchar   |  int64  | double | double | double | double |
+------------+---------+--------+--------+--------+--------+
| imdb       |   17810 |  6.508 |  1.039 |   -5.3 |   2.69 |
| letterboxd |   16377 |  3.046 |  0.659 |  -3.64 |   2.43 |
| ml32       |   14262 |   3.25 |  0.466 |  -5.12 |   2.48 |
| tmdb       |   17399 |  6.498 |  0.818 |  -6.04 |   2.94 |
+------------+---------+--------+--------+--------+--------+

+--------------+--------------+---------+------------+----------+-----------------+
| plataforma_a | plataforma_b | titulos | correlacao | gap_z_dp | gap_z_abs_medio |
|   varchar    |   varchar    |  int64  |   double   |  double  |     double      |
+--------------+--------------+---------+------------+----------+-----------------+
| imdb         | letterboxd   |   16377 |      0.849 |     0.55 |            0.42 |
| imdb         | ml32         |   14262 |      0.925 |    0.387 |           0.292 |
| imdb         | tmdb         |   17399 |      0.898 |    0.451 |           0.319 |
| letterboxd   | ml32         |   14002 |      0.805 |    0.625 |           0.482 |
| letterboxd   | tmdb         |   16329 |      0.758 |    0.695 |           0.527 |
| ml32         | tmdb         |   14261 |      0.845 |    0.556 |           0.421 |
+--------------+--------------+---------+------------+----------+-----------------+

+---------------+------------------+---------+---------------------+----------------------+
| ano_avaliacao | filmes_avaliados |  notas  | filmes_com_30_notas | filmes_com_100_notas |
|     int64     |      int64       | int128  |        int64        |        int64         |
+---------------+------------------+---------+---------------------+----------------------+
|          1995 |                4 |       4 |                   0 |                    0 |
|          1996 |              979 | 1543223 |                 879 |                  706 |
|          1997 |             1167 |  665538 |                1049 |                  860 |
|          1998 |             1664 |  291570 |                1391 |                  873 |
|          1999 |             2204 | 1140796 |                2093 |                 1735 |
|          2000 |             2809 | 1857205 |                2687 |                 2383 |
|          2001 |             3476 | 1129781 |                3106 |                 2242 |
|          2002 |             4082 |  820867 |                3416 |                 2130 |
|          2003 |             4787 |  977939 |                3790 |                 2295 |
|          2004 |             5524 | 1109613 |                3879 |                 2199 |
|          2005 |             5920 | 1714754 |                4380 |                 2650 |
|          2006 |             6246 | 1118444 |                3901 |                 2062 |
|          2007 |             6644 | 1002703 |                3692 |                 1926 |
|          2008 |             7203 | 1096524 |                3566 |                 1962 |
|          2009 |             8037 |  864058 |                3610 |                 1837 |
|          2010 |             8676 |  831932 |                3530 |                 1801 |
|          2011 |             9103 |  705223 |                3298 |                 1660 |
|          2012 |             9362 |  675742 |                3124 |                 1599 |
|          2013 |             9707 |  547202 |                2775 |                 1363 |
|          2014 |             9955 |  502748 |                2658 |                 1272 |
|          2015 |            11723 | 1687212 |                4777 |                 2560 |
|          2016 |            12556 | 1852735 |                5018 |                 2683 |
|          2017 |            13223 | 1750962 |                5010 |                 2778 |
|          2018 |            13864 | 1324030 |                4456 |                 2288 |
|          2019 |            14474 | 1307957 |                4652 |                 2288 |
|          2020 |            15006 | 1607542 |                5090 |                 2553 |
|          2021 |            15392 | 1172660 |                4668 |                 2200 |
|          2022 |            15502 |  854867 |                4085 |                 1756 |
|          2023 |            15490 |  747614 |                3660 |                 1590 |
+---------------+------------------+---------+---------------------+----------------------+
  29 rows                                                                       5 columns

+------------------+--------------+--------+--------+------------------+-----------------+-----------------+---------------+
| faixa_etaria_cod | faixa_etaria | notas  | filmes | nota_media_bruta | desvio_no_filme | desvio_mulheres | desvio_homens |
|      int32       |   varchar    | int64  | int64  |      double      |     double      |     double      |    double     |
+------------------+--------------+--------+--------+------------------+-----------------+-----------------+---------------+
|                1 | <18          |  26434 |   2345 |            3.558 |           0.068 |           0.155 |         0.026 |
|               18 | 18-24        | 178901 |   2659 |            3.515 |           0.006 |          -0.066 |          0.03 |
|               25 | 25-34        | 384227 |   2696 |            3.551 |          -0.019 |           0.013 |        -0.028 |
|               35 | 35-44        | 192573 |   2682 |            3.624 |           0.002 |           0.021 |        -0.004 |
|               45 | 45-49        |  80450 |   2636 |            3.647 |          -0.002 |          -0.006 |          -0.0 |
|               50 | 50-55        |  69719 |   2602 |             3.72 |           0.036 |           0.075 |         0.024 |
|               56 | 56+          |  37340 |   2427 |            3.775 |           0.038 |           0.132 |         0.009 |
+------------------+--------------+--------+--------+------------------+-----------------+-----------------+---------------+

