+---------------+--------------------+-------+----------+-------------+
| respostas_200 | tconst_consultados | bate  | nao_bate | sem_imdb_id |
|     int64     |       int64        | int64 |  int64   |    int64    |
+---------------+--------------------+-------+----------+-------------+
|         17809 |              17806 | 17805 |        4 |           0 |
+---------------+--------------------+-------+----------+-------------+

+-----------------+--------------+---------+----------------+------------------------+--------------+
| tconst_esperado | metodo_antes | tmdb_id | imdb_devolvido |         title          | release_date |
|     varchar     |   varchar    |  int32  |    varchar     |        varchar         |     date     |
+-----------------+--------------+---------+----------------+------------------------+--------------+
| tt0056142       | divergente   |    1680 | tt13364334     | King Kong vs. Godzilla | 1962-08-11   |
| tt0478813       | divergente   |   71370 | tt0497457      | Trap                   | 2007-10-27   |
| tt0859765       | divergente   |  155796 | tt1127347      | Still Life             | 2007-07-20   |
| tt25405130      | wikidata     |  965979 | tt37431562     | Dada                   | 2023-02-10   |
+-----------------+--------------+---------+----------------+------------------------+--------------+

+---------+---------+------------------+------------------+------------+
| tconst  | titulo  | tmdb_id_anterior | tmdb_id_validado | candidatas |
| varchar | varchar |      int32       |      int32       |  int32[]   |
+---------+---------+------------------+------------------+------------+
                                 0 rows                               

+----------------+--------+--------+
|  metodo_join   | filmes |  pct   |
|    varchar     | int64  | double |
+----------------+--------+--------+
| ambos          |  16819 |   94.4 |
| wikidata       |    903 |    5.1 |
| movielens      |     39 |    0.2 |
| tmdb_find      |     26 |    0.1 |
| arbitrado_tmdb |     18 |    0.1 |
| nenhum         |      3 |    0.0 |
| nao_validado   |      2 |    0.0 |
+----------------+--------+--------+

+--------------+----------------------+
| sem_id_antes | resolvidos_pelo_find |
|    int64     |        int64         |
+--------------+----------------------+
|           29 |                   26 |
+--------------+----------------------+

+------------+---------------------------+-------+---------+-----------------+
|   tconst   |          titulo           |  ano  | tmdb_id | metodo_anterior |
|  varchar   |          varchar          | int32 |  int32  |     varchar     |
+------------+---------------------------+-------+---------+-----------------+
| tt0359715  | My Best Friend's Birthday |  1987 |   10614 | divergente      |
| tt25405130 | Dada                      |  2023 |  965979 | wikidata        |
+------------+---------------------------+-------+---------+-----------------+

+------------+-----------------------------------------------+-------+----------------+------------------+----------+------------------+
|   tconst   |                    titulo                     |  ano  | tmdb_movielens | tmdb_id_wikidata | vencedor |   fonte_certa    |
|  varchar   |                    varchar                    | int32 |     int32      |      int32       |  int32   |     varchar      |
+------------+-----------------------------------------------+-------+----------------+------------------+----------+------------------+
| tt0056142  | King Kong vs. Godzilla                        |  1963 |           1680 |           686487 |   686487 | wikidata         |
| tt0076363  | The Many Adventures of Winnie the Pooh        |  1977 |          13716 |           250480 |   250480 | wikidata         |
| tt0359715  | My Best Friend's Birthday                     |  1987 |          10614 |          1591239 |    10614 | nenhuma das duas |
| tt0096913  | Best of the Best                              |  1989 |          17882 |           238751 |   238751 | wikidata         |
| tt0100232  | Navy Seals                                    |  1990 |          12773 |           427910 |   427910 | wikidata         |
| tt0109555  | Darr                                          |  1993 |          74309 |            35053 |    35053 | wikidata         |
| tt0112389  | The Thief and the Cobbler                     |  1993 |         185441 |            26672 |    26672 | wikidata         |
| tt0424024  | Darwin's Nightmare                            |  2004 |          10700 |           415253 |   415253 | wikidata         |
| tt0859765  | Still Life                                    |  2006 |         155796 |             2346 |     2346 | wikidata         |
| tt0839995  | Superman II: The Richard Donner Cut           |  2006 |         429486 |           624479 |   624479 | wikidata         |
| tt0478813  | The Trap                                      |  2007 |          71370 |             4352 |     4352 | wikidata         |
| tt0448694  | Puss in Boots                                 |  2011 |          58423 |           417859 |   417859 | wikidata         |
| tt1113829  | George Harrison: Living in the Material World |  2011 |          75964 |          1676821 |  1676821 | wikidata         |
| tt1937390  | Nymphomaniac: Vol. I                          |  2013 |         110414 |           258216 |   258216 | wikidata         |
| tt3526810  | Adolf Hitler: The Greatest Story Never Told   |  2013 |         250880 |          1760423 |  1760423 | wikidata         |
| tt5990066  | Bad Match                                     |  2017 |         468554 |           429727 |   429727 | wikidata         |
| tt2250912  | Spider-Man: Homecoming                        |  2017 |         202249 |           315635 |   315635 | wikidata         |
| tt8478602  | Godzilla: The Planet Eater                    |  2018 |         536927 |           536115 |   536115 | wikidata         |
| tt13381376 | Welcome Home                                  |  2020 |         761129 |           761226 |   761226 | wikidata         |
+------------+-----------------------------------------------+-------+----------------+------------------+----------+------------------+
  19 rows                                                                                                                    7 columns

+------------------+-------+
|   fonte_certa    | casos |
|     varchar      | int64 |
+------------------+-------+
| wikidata         |    18 |
| nenhuma das duas |     1 |
+------------------+-------+

+-----------------+--------+
| certificacao_br | filmes |
|     varchar     | int64  |
+-----------------+--------+
| PG              |      3 |
| 15              |      2 |
| A               |      2 |
| 6               |      1 |
| PG-13           |      1 |
+-----------------+--------+

+-------------+------------------+
| tmdb_titulo | tconst_distintos |
|    int64    |      int64       |
+-------------+------------------+
|       17805 |            17805 |
+-------------+------------------+

