+------------+----------------+-------------+----------+--------+
| dim_titulo | com_pais_unico | coproducoes | sem_pais | com_us |
|   int64    |     int64      |    int64    |  int64   | int64  |
+------------+----------------+-------------+----------+--------+
|      17810 |          12647 |        5095 |       68 |  11212 |
+------------+----------------+-------------+----------+--------+

+---------+-------------------+------------+-------------------+-------------------+-----------+
|  pais   | filmes_com_o_pais | pais_unico | coproducao_com_us | coproducao_sem_us | pct_unico |
| varchar |       int64       |   int64    |       int64       |       int64       |  double   |
+---------+-------------------+------------+-------------------+-------------------+-----------+
| US      |             11212 |       7984 |                 0 |              3228 |      71.2 |
| IN      |              1367 |       1236 |                77 |                54 |      90.4 |
| GB      |              2596 |        670 |              1387 |               539 |      25.8 |
| JP      |               623 |        412 |               136 |                75 |      66.1 |
| FR      |              1810 |        400 |               455 |               955 |      22.1 |
| TR      |               303 |        247 |                13 |                43 |      81.5 |
| CA      |               884 |        179 |               562 |               143 |      20.2 |
| KR      |               232 |        174 |                28 |                30 |      75.0 |
| IT      |               677 |        163 |               147 |               367 |      24.1 |
| DE      |              1108 |        150 |               503 |               455 |      13.5 |
| ES      |               461 |        136 |               119 |               206 |      29.5 |
| AU      |               326 |        114 |               147 |                65 |      35.0 |
| HK      |               295 |         83 |                90 |               122 |      28.1 |
| RU      |               111 |         58 |                28 |                25 |      52.3 |
| SE      |               259 |         55 |                35 |               169 |      21.2 |
| PL      |               105 |         49 |                17 |                39 |      46.7 |
| IR      |                64 |         47 |                 1 |                16 |      73.4 |
| SU      |                47 |         39 |                 2 |                 6 |      83.0 |
| DK      |               204 |         37 |                29 |               138 |      18.1 |
| MX      |               135 |         34 |                71 |                30 |      25.2 |
| BR      |                86 |         32 |                29 |                25 |      37.2 |
| NO      |               118 |         30 |                14 |                74 |      25.4 |
+---------+-------------------+------------+-------------------+-------------------+-----------+
  22 rows                                                                            6 columns

+------------+---------+--------------+------------+---------+---------------+--------------------+
| plataforma | titulos | pct_do_frame | nota_media | nota_dp | votos_mediana | abaixo_de_30_votos |
|  varchar   |  int64  |    double    |   double   | double  |    double     |       int64        |
+------------+---------+--------------+------------+---------+---------------+--------------------+
| imdb       |   17810 |        100.0 |      6.508 |   1.039 |       16013.0 |                  0 |
| letterboxd |   17547 |         98.5 |       3.02 |   0.677 |         319.0 |               1170 |
| ml32       |   16877 |         94.8 |      3.207 |   0.509 |         207.0 |               2615 |
| tmdb       |   17795 |         99.9 |       6.48 |   0.849 |         352.0 |                396 |
+------------+---------+--------------+------------+---------+---------------+--------------------+

+---------------+---------+
| n_plataformas | titulos |
|     int64     |  int64  |
+---------------+---------+
|             1 |       9 |
|             2 |     142 |
|             3 |     900 |
|             4 |   16759 |
+---------------+---------+

+--------+---------+--------------+--------+
| linhas | titulos | pct_do_frame | notas  |
| int64  |  int64  |    double    | int128 |
+--------+---------+--------------+--------+
|  33361 |    2717 |         15.3 | 969644 |
+--------+---------+--------------+--------+

